// Jest Snapshot v1, https://goo.gl/fbAQLP

exports[`renders correctly 1`] = `
<View
  style={
    Object {
      "backgroundColor": "#f2f2f4",
      "flex": 1,
    }
  }
>
  <Text>
    List
  </Text>
</View>
`;
