// Jest Snapshot v1, https://goo.gl/fbAQLP

exports[`renders correctly 1`] = `
<RNCSafeAreaView
  style={
    Object {
      "backgroundColor": "#f2f2f4",
      "flex": 1,
    }
  }
>
  <Text>
    Splash
  </Text>
</RNCSafeAreaView>
`;
